
> aeroflow@1.0.0 build
> next build

  Γû▓ Next.js 14.2.5

   Creating an optimized production build ...
 Γ£ô Compiled successfully
   Linting and checking validity of types ...
node.exe : Failed to 
compile.
At line:1 char:1
+ & "C:\Program 
Files\nodejs/node.exe" 
"C:\Program 
Files\nodejs/node_mo ...
+ ~~~~~~~~~~~~~~~~~~~~~~~~~
~~~~~~~~~~~~~~~~~~~~~~~~~~~
~~~~~~~~~~~~~~~~~
    + CategoryInfo         
     : NotSpecified: (Fai  
  led to compile.:String   
 ) [], RemoteException
    + FullyQualifiedErrorI 
   d : NativeCommandError
 

./src/components/FlightCard
.tsx:4:66
Type error: Cannot find 
module '@/components/ui' 
or its corresponding type 
declarations.

[0m [90m 2 |[39m[0m
[0m [90m 3 |[39m 
[36mimport[39m { theme } 
[36mfrom[39m [32m'@/lib/
theme'[39m[33m;[39m[0m
[0m[31m[1m>[22m[39m[9
0m 4 |[39m 
[36mimport[39m { 
[33mCard[39m[33m,[39m 
[33mBtn[39m[33m,[39m [
33mCO2Badge[39m[33m,[39m
 [33mPricePredictionBadge
[39m[33m,[39m 
[33mBadge[39m } 
[36mfrom[39m [32m'@/comp
onents/ui'[39m[33m;[39m
[0m
[0m [90m   |[39m        
                           
                           
    
[31m[1m^[22m[39m[0m
[0m [90m 5 |[39m 
[36mimport[39m type { 
[33mFlight[39m } 
[36mfrom[39m [32m'@/data
/mockData'[39m[33m;[39m
[0m
[0m [90m 6 |[39m[0m
[0m [90m 7 |[39m 
[36mexport[39m 
[36mfunction[39m 
[33mFlightCard[39m({[0m
